17:28:21 **** Incremental Build of configuration Debug for project Delay ****
make -j8 all 
arm-none-eabi-gcc "../Core/Src/main.c" -mcpu=cortex-m7 -std=gnu11 -g3 -DDEBUG -DUSE_HAL_DRIVER -DSTM32F767xx -c -I../Core/Inc -I../Drivers/STM32F7xx_HAL_Driver/Inc -I../Drivers/STM32F7xx_HAL_Driver/Inc/Legacy -I../Drivers/CMSIS/Device/ST/STM32F7xx/Include -I../Drivers/CMSIS/Include -O0 -ffunction-sections -fdata-sections -Wall -fstack-usage -MMD -MP -MF"Core/Src/main.d" -MT"Core/Src/main.o" --specs=nano.specs -mfpu=fpv5-d16 -mfloat-abi=hard -mthumb -o "Core/Src/main.o"
arm-none-eabi-gcc -o "Delay.elf" @"objects.list"   -mcpu=cortex-m7 -T"C:\Users\158224\Desktop\MCU_2\Delay\STM32F767ZITX_FLASH.ld" --specs=nosys.specs -Wl,-Map="Delay.map" -Wl,--gc-sections -static --specs=nano.specs -mfpu=fpv5-d16 -mfloat-abi=hard -mthumb -Wl,--start-group -lc -lm -Wl,--end-group
Finished building target: Delay.elf
 
arm-none-eabi-size   Delay.elf 
arm-none-eabi-objdump -h -S  Delay.elf  > "Delay.list"
arm-none-eabi-objcopy  -O binary  Delay.elf  "Delay.bin"
   text	   data	    bss	    dec	    hex	filename
  16444	     20	   2812	  19276	   4b4c	Delay.elf
Finished building: default.size.stdout
 
Finished building: Delay.bin
 
Finished building: Delay.list
 

17:28:22 Build Finished. 0 errors, 0 warnings. (took 1s.27ms)

