10:20:26 **** Incremental Build of configuration Debug for project heapex_01 ****
make -j8 all 
arm-none-eabi-gcc "../Core/Src/main.c" -mcpu=cortex-m7 -std=gnu11 -g3 -DDEBUG -DUSE_HAL_DRIVER -DSTM32F767xx -c -I../Core/Inc -I../Drivers/STM32F7xx_HAL_Driver/Inc -I../Drivers/STM32F7xx_HAL_Driver/Inc/Legacy -I../Drivers/CMSIS/Device/ST/STM32F7xx/Include -I../Drivers/CMSIS/Include -I../Middlewares/Third_Party/FreeRTOS/Source/include -I../Middlewares/Third_Party/FreeRTOS/Source/CMSIS_RTOS_V2 -I../Middlewares/Third_Party/FreeRTOS/Source/portable/GCC/ARM_CM7/r0p1 -O0 -ffunction-sections -fdata-sections -Wall -fstack-usage -MMD -MP -MF"Core/Src/main.d" -MT"Core/Src/main.o" --specs=nano.specs -mfpu=fpv5-d16 -mfloat-abi=hard -mthumb -o "Core/Src/main.o"
../Core/Src/main.c: In function 'main':
../Core/Src/main.c:137:8: warning: unused variable 'p' [-Wunused-variable]
  137 |   int *p=pvPortMalloc(sizeof(int)*2);
      |        ^
arm-none-eabi-gcc -o "heapex_01.elf" @"objects.list"   -mcpu=cortex-m7 -T"C:\Users\158224\Desktop\MCU_2\heapex_01\STM32F767ZITX_FLASH.ld" --specs=nosys.specs -Wl,-Map="heapex_01.map" -Wl,--gc-sections -static --specs=nano.specs -mfpu=fpv5-d16 -mfloat-abi=hard -mthumb -Wl,--start-group -lc -lm -Wl,--end-group
Finished building target: heapex_01.elf
 
arm-none-eabi-size   heapex_01.elf 
arm-none-eabi-objdump -h -S  heapex_01.elf  > "heapex_01.list"
arm-none-eabi-objcopy  -O binary  heapex_01.elf  "heapex_01.bin"
   text	   data	    bss	    dec	    hex	filename
  16128	     24	  20336	  36488	   8e88	heapex_01.elf
Finished building: default.size.stdout
 
Finished building: heapex_01.bin
 
Finished building: heapex_01.list
 
