17:53:42 **** Incremental Build of configuration Debug for project hal_blink_new ****
make -j8 all 
arm-none-eabi-gcc "../Core/Src/main.c" -mcpu=cortex-m7 -std=gnu11 -g3 -DDEBUG -DUSE_HAL_DRIVER -DSTM32F767xx -c -I../Core/Inc -I../Drivers/STM32F7xx_HAL_Driver/Inc -I../Drivers/STM32F7xx_HAL_Driver/Inc/Legacy -I../Drivers/CMSIS/Device/ST/STM32F7xx/Include -I../Drivers/CMSIS/Include -O0 -ffunction-sections -fdata-sections -Wall -fstack-usage -MMD -MP -MF"Core/Src/main.d" -MT"Core/Src/main.o" --specs=nano.specs -mfpu=fpv5-d16 -mfloat-abi=hard -mthumb -o "Core/Src/main.o"
arm-none-eabi-gcc -o "hal_blink_new.elf" @"objects.list"   -mcpu=cortex-m7 -T"C:\Users\158224\Desktop\MCU_2\hal_blink_new\STM32F767ZITX_FLASH.ld" --specs=nosys.specs -Wl,-Map="hal_blink_new.map" -Wl,--gc-sections -static --specs=nano.specs -mfpu=fpv5-d16 -mfloat-abi=hard -mthumb -Wl,--start-group -lc -lm -Wl,--end-group
Finished building target: hal_blink_new.elf
 
arm-none-eabi-size   hal_blink_new.elf 
arm-none-eabi-objdump -h -S  hal_blink_new.elf  > "hal_blink_new.list"
arm-none-eabi-objcopy  -O binary  hal_blink_new.elf  "hal_blink_new.bin"
   text	   data	    bss	    dec	    hex	filename
   5960	     20	   1572	   7552	   1d80	hal_blink_new.elf
Finished building: default.size.stdout
 
Finished building: hal_blink_new.bin
 
Finished building: hal_blink_new.list
 

17:53:43 Build Finished. 0 errors, 0 warnings. (took 1s.79ms)

