18:06:29 **** Incremental Build of configuration Debug for project runita_led ****
make -j8 all 
arm-none-eabi-gcc "../Core/Src/main.c" -mcpu=cortex-m7 -std=gnu11 -g3 -DDEBUG -DUSE_HAL_DRIVER -DSTM32F767xx -c -I../Core/Inc -I../Drivers/STM32F7xx_HAL_Driver/Inc -I../Drivers/STM32F7xx_HAL_Driver/Inc/Legacy -I../Drivers/CMSIS/Device/ST/STM32F7xx/Include -I../Drivers/CMSIS/Include -O0 -ffunction-sections -fdata-sections -Wall -fstack-usage -MMD -MP -MF"Core/Src/main.d" -MT"Core/Src/main.o" --specs=nano.specs -mfpu=fpv5-d16 -mfloat-abi=hard -mthumb -o "Core/Src/main.o"
arm-none-eabi-gcc -o "runita_led.elf" @"objects.list"   -mcpu=cortex-m7 -T"C:\Users\158224\Desktop\MCU_2\runita_led\STM32F767ZITX_FLASH.ld" --specs=nosys.specs -Wl,-Map="runita_led.map" -Wl,--gc-sections -static --specs=nano.specs -mfpu=fpv5-d16 -mfloat-abi=hard -mthumb -Wl,--start-group -lc -lm -Wl,--end-group
Finished building target: runita_led.elf
 
arm-none-eabi-size   runita_led.elf 
arm-none-eabi-objdump -h -S  runita_led.elf  > "runita_led.list"
arm-none-eabi-objcopy  -O binary  runita_led.elf  "runita_led.bin"
   text	   data	    bss	    dec	    hex	filename
   5976	     20	   1572	   7568	   1d90	runita_led.elf
Finished building: default.size.stdout
 
Finished building: runita_led.bin
 
Finished building: runita_led.list
 

18:06:30 Build Finished. 0 errors, 0 warnings. (took 854ms)

