18:44:03 **** Incremental Build of configuration Debug for project Task02 ****
make -j8 all 
arm-none-eabi-gcc "../Core/Src/main.c" -mcpu=cortex-m7 -std=gnu11 -g3 -DDEBUG -DUSE_HAL_DRIVER -DSTM32F767xx -c -I../Core/Inc -I../Drivers/STM32F7xx_HAL_Driver/Inc -I../Drivers/STM32F7xx_HAL_Driver/Inc/Legacy -I../Drivers/CMSIS/Device/ST/STM32F7xx/Include -I../Drivers/CMSIS/Include -I../Middlewares/Third_Party/FreeRTOS/Source/include -I../Middlewares/Third_Party/FreeRTOS/Source/CMSIS_RTOS_V2 -I../Middlewares/Third_Party/FreeRTOS/Source/portable/GCC/ARM_CM7/r0p1 -O0 -ffunction-sections -fdata-sections -Wall -fstack-usage -MMD -MP -MF"Core/Src/main.d" -MT"Core/Src/main.o" --specs=nano.specs -mfpu=fpv5-d16 -mfloat-abi=hard -mthumb -o "Core/Src/main.o"
arm-none-eabi-gcc -o "Task02.elf" @"objects.list"   -mcpu=cortex-m7 -T"C:\Users\158224\Desktop\MCU_2\Task02\STM32F767ZITX_FLASH.ld" --specs=nosys.specs -Wl,-Map="Task02.map" -Wl,--gc-sections -static --specs=nano.specs -mfpu=fpv5-d16 -mfloat-abi=hard -mthumb -Wl,--start-group -lc -lm -Wl,--end-group
Finished building target: Task02.elf
 
arm-none-eabi-size   Task02.elf 
arm-none-eabi-objdump -h -S  Task02.elf  > "Task02.list"
arm-none-eabi-objcopy  -O binary  Task02.elf  "Task02.bin"
   text	   data	    bss	    dec	    hex	filename
  17296	     24	  20336	  37656	   9318	Task02.elf
Finished building: default.size.stdout
 
Finished building: Task02.bin
 
Finished building: Task02.list
 

18:44:06 Build Finished. 0 errors, 0 warnings. (took 2s.520ms)

