15:12:01 **** Incremental Build of configuration Debug for project TaskEx_01 ****
make -j8 all 
arm-none-eabi-gcc "../Core/Src/main.c" -mcpu=cortex-m7 -std=gnu11 -g3 -DDEBUG -DUSE_HAL_DRIVER -DSTM32F767xx -c -I../Core/Inc -I../Drivers/STM32F7xx_HAL_Driver/Inc -I../Drivers/STM32F7xx_HAL_Driver/Inc/Legacy -I../Drivers/CMSIS/Device/ST/STM32F7xx/Include -I../Drivers/CMSIS/Include -I../Middlewares/Third_Party/FreeRTOS/Source/include -I../Middlewares/Third_Party/FreeRTOS/Source/CMSIS_RTOS_V2 -I../Middlewares/Third_Party/FreeRTOS/Source/portable/GCC/ARM_CM7/r0p1 -O0 -ffunction-sections -fdata-sections -Wall -fstack-usage -MMD -MP -MF"Core/Src/main.d" -MT"Core/Src/main.o" --specs=nano.specs -mfpu=fpv5-d16 -mfloat-abi=hard -mthumb -o "Core/Src/main.o"
arm-none-eabi-gcc -o "TaskEx_01.elf" @"objects.list"   -mcpu=cortex-m7 -T"C:\Users\158224\Desktop\MCU_2\TaskEx_01\STM32F767ZITX_FLASH.ld" --specs=nosys.specs -Wl,-Map="TaskEx_01.map" -Wl,--gc-sections -static --specs=nano.specs -mfpu=fpv5-d16 -mfloat-abi=hard -mthumb -Wl,--start-group -lc -lm -Wl,--end-group
Finished building target: TaskEx_01.elf
 
arm-none-eabi-size   TaskEx_01.elf 
arm-none-eabi-objdump -h -S  TaskEx_01.elf  > "TaskEx_01.list"
arm-none-eabi-objcopy  -O binary  TaskEx_01.elf  "TaskEx_01.bin"
   text	   data	    bss	    dec	    hex	filename
  17688	     20	   3988	  21696	   54c0	TaskEx_01.elf
Finished building: default.size.stdout
 
Finished building: TaskEx_01.bin
 
Finished building: TaskEx_01.list
 

15:12:03 Build Finished. 0 errors, 0 warnings. (took 2s.618ms)

